0 verbose cli C:\Program Files\nodejs\node.exe C:\Program Files\nodejs\node_modules\npm\bin\npm-cli.js
1 info using npm@11.17.0
2 info using node@v24.19.0
3 silly config load:file:C:\Program Files\nodejs\node_modules\npm\npmrc
4 silly config load:file:C:\Users\ricar\OneDrive\Desktop\trabalhos\EM ANDAMENTO\pagos\I S Igor Santos\react-site\.npmrc
5 silly config load:file:C:\Users\ricar\.npmrc
6 silly config load:file:C:\Users\ricar\AppData\Roaming\npm\etc\npmrc
7 verbose title npm install
8 verbose argv "install" "--cache" ".npm-cache"
9 verbose logfile logs-max:10 dir:C:\Users\ricar\OneDrive\Desktop\trabalhos\EM ANDAMENTO\pagos\I S Igor Santos\react-site\.npm-cache\_logs\2026-08-17T20_51_05_975Z-
10 verbose logfile C:\Users\ricar\OneDrive\Desktop\trabalhos\EM ANDAMENTO\pagos\I S Igor Santos\react-site\.npm-cache\_logs\2026-08-17T20_51_05_975Z-debug-0.log
11 silly logfile done cleaning log files
12 silly packumentCache heap:4496293888 maxSize:1124073472 maxEntrySize:562036736
13 silly idealTree buildDeps
14 silly reify moves {}
15 silly audit bulk request {
15 silly audit   '@oxc-project/types': [ '0.144.0' ],
15 silly audit   '@rolldown/binding-android-arm64': [ '1.2.4' ],
15 silly audit   '@rolldown/binding-darwin-arm64': [ '1.2.4' ],
15 silly audit   '@rolldown/binding-darwin-x64': [ '1.2.4' ],
15 silly audit   '@rolldown/binding-freebsd-x64': [ '1.2.4' ],
15 silly audit   '@rolldown/binding-linux-arm-gnueabihf': [ '1.2.4' ],
15 silly audit   '@rolldown/binding-linux-arm64-gnu': [ '1.2.4' ],
15 silly audit   '@rolldown/binding-linux-arm64-musl': [ '1.2.4' ],
15 silly audit   '@rolldown/binding-linux-ppc64-gnu': [ '1.2.4' ],
15 silly audit   '@rolldown/binding-linux-s390x-gnu': [ '1.2.4' ],
15 silly audit   '@rolldown/binding-linux-x64-gnu': [ '1.2.4' ],
15 silly audit   '@rolldown/binding-linux-x64-musl': [ '1.2.4' ],
15 silly audit   '@rolldown/binding-openharmony-arm64': [ '1.2.4' ],
15 silly audit   '@rolldown/binding-win32-arm64-msvc': [ '1.2.4' ],
15 silly audit   '@rolldown/binding-win32-x64-msvc': [ '1.2.4' ],
15 silly audit   '@rolldown/pluginutils': [ '1.0.1' ],
15 silly audit   '@vitejs/plugin-react': [ '6.0.5' ],
15 silly audit   'detect-libc': [ '2.1.2' ],
15 silly audit   fdir: [ '6.5.0' ],
15 silly audit   fsevents: [ '2.3.3' ],
15 silly audit   gsap: [ '3.15.0' ],
15 silly audit   lightningcss: [ '1.33.0' ],
15 silly audit   'lightningcss-android-arm64': [ '1.33.0' ],
15 silly audit   'lightningcss-darwin-arm64': [ '1.33.0' ],
15 silly audit   'lightningcss-darwin-x64': [ '1.33.0' ],
15 silly audit   'lightningcss-freebsd-x64': [ '1.33.0' ],
15 silly audit   'lightningcss-linux-arm-gnueabihf': [ '1.33.0' ],
15 silly audit   'lightningcss-linux-arm64-gnu': [ '1.33.0' ],
15 silly audit   'lightningcss-linux-arm64-musl': [ '1.33.0' ],
15 silly audit   'lightningcss-linux-x64-gnu': [ '1.33.0' ],
15 silly audit   'lightningcss-linux-x64-musl': [ '1.33.0' ],
15 silly audit   'lightningcss-win32-arm64-msvc': [ '1.33.0' ],
15 silly audit   'lightningcss-win32-x64-msvc': [ '1.33.0' ],
15 silly audit   nanoid: [ '3.3.18' ],
15 silly audit   picocolors: [ '1.1.1' ],
15 silly audit   picomatch: [ '4.0.5' ],
15 silly audit   postcss: [ '8.5.26' ],
15 silly audit   react: [ '19.2.8' ],
15 silly audit   'react-dom': [ '19.2.8' ],
15 silly audit   rolldown: [ '1.2.4' ],
15 silly audit   scheduler: [ '0.27.0' ],
15 silly audit   'source-map-js': [ '1.2.1' ],
15 silly audit   tinyglobby: [ '0.2.17' ],
15 silly audit   vite: [ '8.2.1' ]
15 silly audit }
16 http cache vite@https://registry.npmjs.org/vite/-/vite-8.2.1.tgz 0ms (cache hit)
17 http cache tinyglobby@https://registry.npmjs.org/tinyglobby/-/tinyglobby-0.2.17.tgz 0ms (cache hit)
18 http cache scheduler@https://registry.npmjs.org/scheduler/-/scheduler-0.27.0.tgz 0ms (cache hit)
19 http cache source-map-js@https://registry.npmjs.org/source-map-js/-/source-map-js-1.2.1.tgz 0ms (cache hit)
20 http cache rolldown@https://registry.npmjs.org/rolldown/-/rolldown-1.2.4.tgz 0ms (cache hit)
21 http cache react-dom@https://registry.npmjs.org/react-dom/-/react-dom-19.2.8.tgz 0ms (cache hit)
22 http cache react@https://registry.npmjs.org/react/-/react-19.2.8.tgz 0ms (cache hit)
23 http cache postcss@https://registry.npmjs.org/postcss/-/postcss-8.5.26.tgz 0ms (cache hit)
24 http cache picomatch@https://registry.npmjs.org/picomatch/-/picomatch-4.0.5.tgz 0ms (cache hit)
25 http cache nanoid@https://registry.npmjs.org/nanoid/-/nanoid-3.3.18.tgz 0ms (cache hit)
26 http cache picocolors@https://registry.npmjs.org/picocolors/-/picocolors-1.1.1.tgz 0ms (cache hit)
27 http cache lightningcss-win32-x64-msvc@https://registry.npmjs.org/lightningcss-win32-x64-msvc/-/lightningcss-win32-x64-msvc-1.33.0.tgz 0ms (cache hit)
28 http cache lightningcss@https://registry.npmjs.org/lightningcss/-/lightningcss-1.33.0.tgz 1ms (cache hit)
29 http cache fdir@https://registry.npmjs.org/fdir/-/fdir-6.5.0.tgz 0ms (cache hit)
30 http cache gsap@https://registry.npmjs.org/gsap/-/gsap-3.15.0.tgz 0ms (cache hit)
31 http cache detect-libc@https://registry.npmjs.org/detect-libc/-/detect-libc-2.1.2.tgz 0ms (cache hit)
32 http cache @rolldown/pluginutils@https://registry.npmjs.org/@rolldown/pluginutils/-/pluginutils-1.0.1.tgz 0ms (cache hit)
33 silly tarball no local data for vite@https://registry.npmjs.org/vite/-/vite-8.2.1.tgz. Extracting by manifest.
34 silly tarball no local data for tinyglobby@https://registry.npmjs.org/tinyglobby/-/tinyglobby-0.2.17.tgz. Extracting by manifest.
35 http cache @vitejs/plugin-react@https://registry.npmjs.org/@vitejs/plugin-react/-/plugin-react-6.0.5.tgz 0ms (cache hit)
36 http cache @rolldown/binding-win32-x64-msvc@https://registry.npmjs.org/@rolldown/binding-win32-x64-msvc/-/binding-win32-x64-msvc-1.2.4.tgz 0ms (cache hit)
37 silly tarball no local data for scheduler@https://registry.npmjs.org/scheduler/-/scheduler-0.27.0.tgz. Extracting by manifest.
38 silly tarball no local data for source-map-js@https://registry.npmjs.org/source-map-js/-/source-map-js-1.2.1.tgz. Extracting by manifest.
39 silly tarball no local data for rolldown@https://registry.npmjs.org/rolldown/-/rolldown-1.2.4.tgz. Extracting by manifest.
40 http cache @oxc-project/types@https://registry.npmjs.org/@oxc-project/types/-/types-0.144.0.tgz 0ms (cache hit)
41 silly tarball no local data for react-dom@https://registry.npmjs.org/react-dom/-/react-dom-19.2.8.tgz. Extracting by manifest.
42 silly tarball no local data for react@https://registry.npmjs.org/react/-/react-19.2.8.tgz. Extracting by manifest.
43 silly tarball no local data for postcss@https://registry.npmjs.org/postcss/-/postcss-8.5.26.tgz. Extracting by manifest.
44 silly tarball no local data for picomatch@https://registry.npmjs.org/picomatch/-/picomatch-4.0.5.tgz. Extracting by manifest.
45 silly tarball no local data for nanoid@https://registry.npmjs.org/nanoid/-/nanoid-3.3.18.tgz. Extracting by manifest.
46 silly tarball no local data for picocolors@https://registry.npmjs.org/picocolors/-/picocolors-1.1.1.tgz. Extracting by manifest.
47 silly tarball no local data for lightningcss-win32-x64-msvc@https://registry.npmjs.org/lightningcss-win32-x64-msvc/-/lightningcss-win32-x64-msvc-1.33.0.tgz. Extracting by manifest.
48 silly tarball no local data for lightningcss@https://registry.npmjs.org/lightningcss/-/lightningcss-1.33.0.tgz. Extracting by manifest.
49 silly tarball no local data for fdir@https://registry.npmjs.org/fdir/-/fdir-6.5.0.tgz. Extracting by manifest.
50 silly tarball no local data for gsap@https://registry.npmjs.org/gsap/-/gsap-3.15.0.tgz. Extracting by manifest.
51 silly tarball no local data for detect-libc@https://registry.npmjs.org/detect-libc/-/detect-libc-2.1.2.tgz. Extracting by manifest.
52 silly tarball no local data for @rolldown/pluginutils@https://registry.npmjs.org/@rolldown/pluginutils/-/pluginutils-1.0.1.tgz. Extracting by manifest.
53 silly tarball no local data for @vitejs/plugin-react@https://registry.npmjs.org/@vitejs/plugin-react/-/plugin-react-6.0.5.tgz. Extracting by manifest.
54 silly tarball no local data for @rolldown/binding-win32-x64-msvc@https://registry.npmjs.org/@rolldown/binding-win32-x64-msvc/-/binding-win32-x64-msvc-1.2.4.tgz. Extracting by manifest.
55 silly tarball no local data for @oxc-project/types@https://registry.npmjs.org/@oxc-project/types/-/types-0.144.0.tgz. Extracting by manifest.
56 http fetch GET 200 https://registry.npmjs.org/npm 175ms
57 http fetch GET 200 https://registry.npmjs.org/picocolors/-/picocolors-1.1.1.tgz 174ms (cache miss)
58 http fetch GET 200 https://registry.npmjs.org/@oxc-project/types/-/types-0.144.0.tgz 172ms (cache miss)
59 http fetch GET 200 https://registry.npmjs.org/fdir/-/fdir-6.5.0.tgz 186ms (cache miss)
60 http fetch GET 200 https://registry.npmjs.org/tinyglobby/-/tinyglobby-0.2.17.tgz 194ms (cache miss)
61 http fetch GET 200 https://registry.npmjs.org/detect-libc/-/detect-libc-2.1.2.tgz 193ms (cache miss)
62 http fetch GET 200 https://registry.npmjs.org/@rolldown/pluginutils/-/pluginutils-1.0.1.tgz 194ms (cache miss)
63 http fetch GET 200 https://registry.npmjs.org/@vitejs/plugin-react/-/plugin-react-6.0.5.tgz 192ms (cache miss)
64 http fetch GET 200 https://registry.npmjs.org/scheduler/-/scheduler-0.27.0.tgz 224ms (cache miss)
65 http fetch GET 200 https://registry.npmjs.org/picomatch/-/picomatch-4.0.5.tgz 223ms (cache miss)
66 http fetch GET 200 https://registry.npmjs.org/source-map-js/-/source-map-js-1.2.1.tgz 252ms (cache miss)
67 http fetch GET 200 https://registry.npmjs.org/nanoid/-/nanoid-3.3.18.tgz 252ms (cache miss)
68 http fetch GET 200 https://registry.npmjs.org/lightningcss/-/lightningcss-1.33.0.tgz 266ms (cache miss)
69 http fetch GET 200 https://registry.npmjs.org/react/-/react-19.2.8.tgz 274ms (cache miss)
70 http fetch POST 200 https://registry.npmjs.org/-/npm/v1/security/advisories/bulk 304ms
71 silly audit report {}
72 http fetch GET 200 https://registry.npmjs.org/postcss/-/postcss-8.5.26.tgz 383ms (cache miss)
73 http fetch GET 200 https://registry.npmjs.org/vite/-/vite-8.2.1.tgz 422ms (cache miss)
74 http fetch GET 200 https://registry.npmjs.org/rolldown/-/rolldown-1.2.4.tgz 419ms (cache miss)
75 http fetch GET 200 https://registry.npmjs.org/lightningcss-win32-x64-msvc/-/lightningcss-win32-x64-msvc-1.33.0.tgz 440ms (cache miss)
76 http fetch GET 200 https://registry.npmjs.org/@rolldown/binding-win32-x64-msvc/-/binding-win32-x64-msvc-1.2.4.tgz 504ms (cache miss)
77 http fetch GET 200 https://registry.npmjs.org/react-dom/-/react-dom-19.2.8.tgz 522ms (cache miss)
78 http fetch GET 200 https://registry.npmjs.org/gsap/-/gsap-3.15.0.tgz 698ms (cache miss)
79 silly ADD node_modules/vite
80 silly ADD node_modules/tinyglobby
81 silly ADD node_modules/source-map-js
82 silly ADD node_modules/scheduler
83 silly ADD node_modules/rolldown
84 silly ADD node_modules/react-dom
85 silly ADD node_modules/react
86 silly ADD node_modules/postcss
87 silly ADD node_modules/picomatch
88 silly ADD node_modules/picocolors
89 silly ADD node_modules/nanoid
90 silly ADD node_modules/lightningcss-win32-x64-msvc
91 silly ADD node_modules/lightningcss
92 silly ADD node_modules/gsap
93 silly ADD node_modules/fdir
94 silly ADD node_modules/detect-libc
95 silly ADD node_modules/@vitejs/plugin-react
96 silly ADD node_modules/@rolldown/pluginutils
97 silly ADD node_modules/@rolldown/binding-win32-x64-msvc
98 silly ADD node_modules/@oxc-project/types
99 verbose cwd C:\Users\ricar\OneDrive\Desktop\trabalhos\EM ANDAMENTO\pagos\I S Igor Santos\react-site
100 verbose os Windows_NT 10.0.26200
101 verbose node v24.19.0
102 verbose npm  v11.17.0
103 notice
103 notice New major version of npm available! 11.17.0 -> 12.0.2
103 notice Changelog: https://github.com/npm/cli/releases/tag/v12.0.2
103 notice To update run: npm install -g npm@12.0.2
103 notice  { force: true, Symbol(proc-log.meta): true }
104 verbose exit 0
105 info ok
